Archive member included because of file (symbol)

d:/improvements/embedded_systems_diplomass/nti/avr/avr_tool/sdk_win_64/winavr/bin/../lib/gcc/avr/4.3.3/avr5\libgcc.a(_divmodsi4.o)
                              ./HAL/LCD/LCD_prog.o (__divmodsi4)
d:/improvements/embedded_systems_diplomass/nti/avr/avr_tool/sdk_win_64/winavr/bin/../lib/gcc/avr/4.3.3/avr5\libgcc.a(_exit.o)
                              d:/improvements/embedded_systems_diplomass/nti/avr/avr_tool/sdk_win_64/winavr/bin/../lib/gcc/avr/4.3.3/../../../../avr/lib/avr5/crtm32.o (exit)
d:/improvements/embedded_systems_diplomass/nti/avr/avr_tool/sdk_win_64/winavr/bin/../lib/gcc/avr/4.3.3/avr5\libgcc.a(_copy_data.o)
                              ./HAL/Keypad/Keypad_prog.o (__do_copy_data)
d:/improvements/embedded_systems_diplomass/nti/avr/avr_tool/sdk_win_64/winavr/bin/../lib/gcc/avr/4.3.3/avr5\libgcc.a(_fixunssfsi.o)
                              ./HAL/LCD/LCD_prog.o (__fixunssfsi)
d:/improvements/embedded_systems_diplomass/nti/avr/avr_tool/sdk_win_64/winavr/bin/../lib/gcc/avr/4.3.3/avr5\libgcc.a(_addsub_sf.o)
                              d:/improvements/embedded_systems_diplomass/nti/avr/avr_tool/sdk_win_64/winavr/bin/../lib/gcc/avr/4.3.3/avr5\libgcc.a(_fixunssfsi.o) (__subsf3)
d:/improvements/embedded_systems_diplomass/nti/avr/avr_tool/sdk_win_64/winavr/bin/../lib/gcc/avr/4.3.3/avr5\libgcc.a(_mul_sf.o)
                              ./HAL/LCD/LCD_prog.o (__mulsf3)
d:/improvements/embedded_systems_diplomass/nti/avr/avr_tool/sdk_win_64/winavr/bin/../lib/gcc/avr/4.3.3/avr5\libgcc.a(_gt_sf.o)
                              ./HAL/LCD/LCD_prog.o (__gtsf2)
d:/improvements/embedded_systems_diplomass/nti/avr/avr_tool/sdk_win_64/winavr/bin/../lib/gcc/avr/4.3.3/avr5\libgcc.a(_ge_sf.o)
                              d:/improvements/embedded_systems_diplomass/nti/avr/avr_tool/sdk_win_64/winavr/bin/../lib/gcc/avr/4.3.3/avr5\libgcc.a(_fixunssfsi.o) (__gesf2)
d:/improvements/embedded_systems_diplomass/nti/avr/avr_tool/sdk_win_64/winavr/bin/../lib/gcc/avr/4.3.3/avr5\libgcc.a(_lt_sf.o)
                              ./HAL/LCD/LCD_prog.o (__ltsf2)
d:/improvements/embedded_systems_diplomass/nti/avr/avr_tool/sdk_win_64/winavr/bin/../lib/gcc/avr/4.3.3/avr5\libgcc.a(_sf_to_si.o)
                              d:/improvements/embedded_systems_diplomass/nti/avr/avr_tool/sdk_win_64/winavr/bin/../lib/gcc/avr/4.3.3/avr5\libgcc.a(_fixunssfsi.o) (__fixsfsi)
d:/improvements/embedded_systems_diplomass/nti/avr/avr_tool/sdk_win_64/winavr/bin/../lib/gcc/avr/4.3.3/avr5\libgcc.a(_thenan_sf.o)
                              d:/improvements/embedded_systems_diplomass/nti/avr/avr_tool/sdk_win_64/winavr/bin/../lib/gcc/avr/4.3.3/avr5\libgcc.a(_addsub_sf.o) (__thenan_sf)
d:/improvements/embedded_systems_diplomass/nti/avr/avr_tool/sdk_win_64/winavr/bin/../lib/gcc/avr/4.3.3/avr5\libgcc.a(_udivmodsi4.o)
                              d:/improvements/embedded_systems_diplomass/nti/avr/avr_tool/sdk_win_64/winavr/bin/../lib/gcc/avr/4.3.3/avr5\libgcc.a(_divmodsi4.o) (__udivmodsi4)
d:/improvements/embedded_systems_diplomass/nti/avr/avr_tool/sdk_win_64/winavr/bin/../lib/gcc/avr/4.3.3/avr5\libgcc.a(_prologue.o)
                              d:/improvements/embedded_systems_diplomass/nti/avr/avr_tool/sdk_win_64/winavr/bin/../lib/gcc/avr/4.3.3/avr5\libgcc.a(_addsub_sf.o) (__prologue_saves__)
d:/improvements/embedded_systems_diplomass/nti/avr/avr_tool/sdk_win_64/winavr/bin/../lib/gcc/avr/4.3.3/avr5\libgcc.a(_epilogue.o)
                              d:/improvements/embedded_systems_diplomass/nti/avr/avr_tool/sdk_win_64/winavr/bin/../lib/gcc/avr/4.3.3/avr5\libgcc.a(_addsub_sf.o) (__epilogue_restores__)
d:/improvements/embedded_systems_diplomass/nti/avr/avr_tool/sdk_win_64/winavr/bin/../lib/gcc/avr/4.3.3/avr5\libgcc.a(_pack_sf.o)
                              d:/improvements/embedded_systems_diplomass/nti/avr/avr_tool/sdk_win_64/winavr/bin/../lib/gcc/avr/4.3.3/avr5\libgcc.a(_addsub_sf.o) (__pack_f)
d:/improvements/embedded_systems_diplomass/nti/avr/avr_tool/sdk_win_64/winavr/bin/../lib/gcc/avr/4.3.3/avr5\libgcc.a(_unpack_sf.o)
                              d:/improvements/embedded_systems_diplomass/nti/avr/avr_tool/sdk_win_64/winavr/bin/../lib/gcc/avr/4.3.3/avr5\libgcc.a(_addsub_sf.o) (__unpack_f)
d:/improvements/embedded_systems_diplomass/nti/avr/avr_tool/sdk_win_64/winavr/bin/../lib/gcc/avr/4.3.3/avr5\libgcc.a(_fpcmp_parts_sf.o)
                              d:/improvements/embedded_systems_diplomass/nti/avr/avr_tool/sdk_win_64/winavr/bin/../lib/gcc/avr/4.3.3/avr5\libgcc.a(_gt_sf.o) (__fpcmp_parts_f)

Memory Configuration

Name             Origin             Length             Attributes
text             0x00000000         0x00020000         xr
data             0x00800060         0x0000ffa0         rw !x
eeprom           0x00810000         0x00010000         rw !x
fuse             0x00820000         0x00000400         rw !x
lock             0x00830000         0x00000400         rw !x
signature        0x00840000         0x00000400         rw !x
*default*        0x00000000         0xffffffff

Linker script and memory map

LOAD d:/improvements/embedded_systems_diplomass/nti/avr/avr_tool/sdk_win_64/winavr/bin/../lib/gcc/avr/4.3.3/../../../../avr/lib/avr5/crtm32.o
LOAD ./MCAL/EEPROM/EEPROM_prog.o
LOAD ./MCAL/DIO/DIO_prog.o
LOAD ./HAL/LCD/LCD_prog.o
LOAD ./HAL/Keypad/Keypad_prog.o
LOAD ./APP/main.o
LOAD d:/improvements/embedded_systems_diplomass/nti/avr/avr_tool/sdk_win_64/winavr/bin/../lib/gcc/avr/4.3.3/avr5\libgcc.a
LOAD d:/improvements/embedded_systems_diplomass/nti/avr/avr_tool/sdk_win_64/winavr/bin/../lib/gcc/avr/4.3.3/../../../../avr/lib/avr5\libc.a
LOAD d:/improvements/embedded_systems_diplomass/nti/avr/avr_tool/sdk_win_64/winavr/bin/../lib/gcc/avr/4.3.3/avr5\libgcc.a

.hash
 *(.hash)

.dynsym
 *(.dynsym)

.dynstr
 *(.dynstr)

.gnu.version
 *(.gnu.version)

.gnu.version_d
 *(.gnu.version_d)

.gnu.version_r
 *(.gnu.version_r)

.rel.init
 *(.rel.init)

.rela.init
 *(.rela.init)

.rel.text
 *(.rel.text)
 *(.rel.text.*)
 *(.rel.gnu.linkonce.t*)

.rela.text
 *(.rela.text)
 *(.rela.text.*)
 *(.rela.gnu.linkonce.t*)

.rel.fini
 *(.rel.fini)

.rela.fini
 *(.rela.fini)

.rel.rodata
 *(.rel.rodata)
 *(.rel.rodata.*)
 *(.rel.gnu.linkonce.r*)

.rela.rodata
 *(.rela.rodata)
 *(.rela.rodata.*)
 *(.rela.gnu.linkonce.r*)

.rel.data
 *(.rel.data)
 *(.rel.data.*)
 *(.rel.gnu.linkonce.d*)

.rela.data
 *(.rela.data)
 *(.rela.data.*)
 *(.rela.gnu.linkonce.d*)

.rel.ctors
 *(.rel.ctors)

.rela.ctors
 *(.rela.ctors)

.rel.dtors
 *(.rel.dtors)

.rela.dtors
 *(.rela.dtors)

.rel.got
 *(.rel.got)

.rela.got
 *(.rela.got)

.rel.bss
 *(.rel.bss)

.rela.bss
 *(.rela.bss)

.rel.plt
 *(.rel.plt)

.rela.plt
 *(.rela.plt)

.text           0x00000000     0x27be
 *(.vectors)
 .vectors       0x00000000       0x54 d:/improvements/embedded_systems_diplomass/nti/avr/avr_tool/sdk_win_64/winavr/bin/../lib/gcc/avr/4.3.3/../../../../avr/lib/avr5/crtm32.o
                0x00000000                __vectors
                0x00000000                __vector_default
 *(.vectors)
 *(.progmem.gcc*)
 *(.progmem*)
                0x00000054                . = ALIGN (0x2)
                0x00000054                __trampolines_start = .
 *(.trampolines)
 .trampolines   0x00000054        0x0 linker stubs
 *(.trampolines*)
                0x00000054                __trampolines_end = .
 *(.jumptables)
 *(.jumptables*)
 *(.lowtext)
 *(.lowtext*)
                0x00000054                __ctors_start = .
 *(.ctors)
                0x00000054                __ctors_end = .
                0x00000054                __dtors_start = .
 *(.dtors)
                0x00000054                __dtors_end = .
 SORT(*)(.ctors)
 SORT(*)(.dtors)
 *(.init0)
 .init0         0x00000054        0x0 d:/improvements/embedded_systems_diplomass/nti/avr/avr_tool/sdk_win_64/winavr/bin/../lib/gcc/avr/4.3.3/../../../../avr/lib/avr5/crtm32.o
                0x00000054                __init
 *(.init0)
 *(.init1)
 *(.init1)
 *(.init2)
 .init2         0x00000054        0xc d:/improvements/embedded_systems_diplomass/nti/avr/avr_tool/sdk_win_64/winavr/bin/../lib/gcc/avr/4.3.3/../../../../avr/lib/avr5/crtm32.o
 *(.init2)
 *(.init3)
 *(.init3)
 *(.init4)
 .init4         0x00000060       0x16 d:/improvements/embedded_systems_diplomass/nti/avr/avr_tool/sdk_win_64/winavr/bin/../lib/gcc/avr/4.3.3/avr5\libgcc.a(_copy_data.o)
                0x00000060                __do_copy_data
 *(.init4)
 *(.init5)
 *(.init5)
 *(.init6)
 *(.init6)
 *(.init7)
 *(.init7)
 *(.init8)
 *(.init8)
 *(.init9)
 .init9         0x00000076        0x8 d:/improvements/embedded_systems_diplomass/nti/avr/avr_tool/sdk_win_64/winavr/bin/../lib/gcc/avr/4.3.3/../../../../avr/lib/avr5/crtm32.o
 *(.init9)
 *(.text)
 .text          0x0000007e        0x4 d:/improvements/embedded_systems_diplomass/nti/avr/avr_tool/sdk_win_64/winavr/bin/../lib/gcc/avr/4.3.3/../../../../avr/lib/avr5/crtm32.o
                0x0000007e                __vector_1
                0x0000007e                __vector_12
                0x0000007e                __bad_interrupt
                0x0000007e                __vector_6
                0x0000007e                __vector_3
                0x0000007e                __vector_11
                0x0000007e                __vector_13
                0x0000007e                __vector_17
                0x0000007e                __vector_19
                0x0000007e                __vector_7
                0x0000007e                __vector_5
                0x0000007e                __vector_4
                0x0000007e                __vector_9
                0x0000007e                __vector_2
                0x0000007e                __vector_15
                0x0000007e                __vector_8
                0x0000007e                __vector_14
                0x0000007e                __vector_10
                0x0000007e                __vector_16
                0x0000007e                __vector_18
                0x0000007e                __vector_20
 .text          0x00000082        0x0 ./MCAL/EEPROM/EEPROM_prog.o
 .text          0x00000082        0x0 ./MCAL/DIO/DIO_prog.o
 .text          0x00000082        0x0 ./HAL/LCD/LCD_prog.o
 .text          0x00000082        0x0 ./HAL/Keypad/Keypad_prog.o
 .text          0x00000082        0x0 ./APP/main.o
 .text          0x00000082        0x0 d:/improvements/embedded_systems_diplomass/nti/avr/avr_tool/sdk_win_64/winavr/bin/../lib/gcc/avr/4.3.3/avr5\libgcc.a(_divmodsi4.o)
 .text          0x00000082        0x0 d:/improvements/embedded_systems_diplomass/nti/avr/avr_tool/sdk_win_64/winavr/bin/../lib/gcc/avr/4.3.3/avr5\libgcc.a(_exit.o)
 .text          0x00000082        0x0 d:/improvements/embedded_systems_diplomass/nti/avr/avr_tool/sdk_win_64/winavr/bin/../lib/gcc/avr/4.3.3/avr5\libgcc.a(_copy_data.o)
 .text          0x00000082       0x58 d:/improvements/embedded_systems_diplomass/nti/avr/avr_tool/sdk_win_64/winavr/bin/../lib/gcc/avr/4.3.3/avr5\libgcc.a(_fixunssfsi.o)
                0x00000082                __fixunssfsi
 .text          0x000000da      0x354 d:/improvements/embedded_systems_diplomass/nti/avr/avr_tool/sdk_win_64/winavr/bin/../lib/gcc/avr/4.3.3/avr5\libgcc.a(_addsub_sf.o)
                0x00000372                __subsf3
                0x000003d4                __addsf3
 .text          0x0000042e      0x1f4 d:/improvements/embedded_systems_diplomass/nti/avr/avr_tool/sdk_win_64/winavr/bin/../lib/gcc/avr/4.3.3/avr5\libgcc.a(_mul_sf.o)
                0x0000042e                __mulsf3
 .text          0x00000622       0x60 d:/improvements/embedded_systems_diplomass/nti/avr/avr_tool/sdk_win_64/winavr/bin/../lib/gcc/avr/4.3.3/avr5\libgcc.a(_gt_sf.o)
                0x00000622                __gtsf2
 .text          0x00000682       0x60 d:/improvements/embedded_systems_diplomass/nti/avr/avr_tool/sdk_win_64/winavr/bin/../lib/gcc/avr/4.3.3/avr5\libgcc.a(_ge_sf.o)
                0x00000682                __gesf2
 .text          0x000006e2       0x60 d:/improvements/embedded_systems_diplomass/nti/avr/avr_tool/sdk_win_64/winavr/bin/../lib/gcc/avr/4.3.3/avr5\libgcc.a(_lt_sf.o)
                0x000006e2                __ltsf2
 .text          0x00000742       0xa8 d:/improvements/embedded_systems_diplomass/nti/avr/avr_tool/sdk_win_64/winavr/bin/../lib/gcc/avr/4.3.3/avr5\libgcc.a(_sf_to_si.o)
                0x00000742                __fixsfsi
 .text          0x000007ea        0x0 d:/improvements/embedded_systems_diplomass/nti/avr/avr_tool/sdk_win_64/winavr/bin/../lib/gcc/avr/4.3.3/avr5\libgcc.a(_thenan_sf.o)
 .text          0x000007ea        0x0 d:/improvements/embedded_systems_diplomass/nti/avr/avr_tool/sdk_win_64/winavr/bin/../lib/gcc/avr/4.3.3/avr5\libgcc.a(_udivmodsi4.o)
 .text          0x000007ea        0x0 d:/improvements/embedded_systems_diplomass/nti/avr/avr_tool/sdk_win_64/winavr/bin/../lib/gcc/avr/4.3.3/avr5\libgcc.a(_prologue.o)
 .text          0x000007ea        0x0 d:/improvements/embedded_systems_diplomass/nti/avr/avr_tool/sdk_win_64/winavr/bin/../lib/gcc/avr/4.3.3/avr5\libgcc.a(_epilogue.o)
 .text          0x000007ea      0x1aa d:/improvements/embedded_systems_diplomass/nti/avr/avr_tool/sdk_win_64/winavr/bin/../lib/gcc/avr/4.3.3/avr5\libgcc.a(_pack_sf.o)
                0x000007ea                __pack_f
 .text          0x00000994       0xf0 d:/improvements/embedded_systems_diplomass/nti/avr/avr_tool/sdk_win_64/winavr/bin/../lib/gcc/avr/4.3.3/avr5\libgcc.a(_unpack_sf.o)
                0x00000994                __unpack_f
 .text          0x00000a84       0xb2 d:/improvements/embedded_systems_diplomass/nti/avr/avr_tool/sdk_win_64/winavr/bin/../lib/gcc/avr/4.3.3/avr5\libgcc.a(_fpcmp_parts_sf.o)
                0x00000a84                __fpcmp_parts_f
                0x00000b36                . = ALIGN (0x2)
 *(.text.*)
 .text.EEPROM_enuInit
                0x00000b36       0x18 ./MCAL/EEPROM/EEPROM_prog.o
                0x00000b36                EEPROM_enuInit
 .text.EEPROM_enuWrite
                0x00000b4e       0x6a ./MCAL/EEPROM/EEPROM_prog.o
                0x00000b4e                EEPROM_enuWrite
 .text.EEPROM_enuRead
                0x00000bb8       0x54 ./MCAL/EEPROM/EEPROM_prog.o
                0x00000bb8                EEPROM_enuRead
 .text.DIO_enuInit
                0x00000c0c       0x18 ./MCAL/DIO/DIO_prog.o
                0x00000c0c                DIO_enuInit
 .text.DIO_enuSetPinDirection
                0x00000c24      0x1d8 ./MCAL/DIO/DIO_prog.o
                0x00000c24                DIO_enuSetPinDirection
 .text.DIO_enuSetPinValue
                0x00000dfc      0x1de ./MCAL/DIO/DIO_prog.o
                0x00000dfc                DIO_enuSetPinValue
 .text.DIO_enuTogglePinValue
                0x00000fda      0x11a ./MCAL/DIO/DIO_prog.o
                0x00000fda                DIO_enuTogglePinValue
 .text.DIO_enuGetPinValue
                0x000010f4      0x13a ./MCAL/DIO/DIO_prog.o
                0x000010f4                DIO_enuGetPinValue
 .text.LCD_enuInit
                0x0000122e      0x39a ./HAL/LCD/LCD_prog.o
                0x0000122e                LCD_enuInit
 .text.LCD_enuWriteData
                0x000015c8       0x2c ./HAL/LCD/LCD_prog.o
                0x000015c8                LCD_enuWriteData
 .text.LCD_enuWriteCommand
                0x000015f4       0x2c ./HAL/LCD/LCD_prog.o
                0x000015f4                LCD_enuWriteCommand
 .text.LCD_enuWriteString
                0x00001620       0x5c ./HAL/LCD/LCD_prog.o
                0x00001620                LCD_enuWriteString
 .text.LCD_enuWriteIntegerNum
                0x0000167c      0x148 ./HAL/LCD/LCD_prog.o
                0x0000167c                LCD_enuWriteIntegerNum
 .text.LCD_enuGoToPosition
                0x000017c4       0x70 ./HAL/LCD/LCD_prog.o
                0x000017c4                LCD_enuGoToPosition
 .text.LCD_enuWriteNLatch
                0x00001834      0x49c ./HAL/LCD/LCD_prog.o
 .text.Keypad_enuInit
                0x00001cd0       0xb8 ./HAL/Keypad/Keypad_prog.o
                0x00001cd0                Keypad_enuInit
 .text.Keypad_GetPressedKey
                0x00001d88      0x30e ./HAL/Keypad/Keypad_prog.o
                0x00001d88                Keypad_GetPressedKey
 .text.main     0x00002096      0x162 ./APP/main.o
                0x00002096                main
 .text.WelcomeTap
                0x000021f8       0xd6 ./APP/main.o
                0x000021f8                WelcomeTap
 .text.WrongTap
                0x000022ce      0x178 ./APP/main.o
                0x000022ce                WrongTap
 .text.strEqual
                0x00002446       0x6c ./APP/main.o
                0x00002446                strEqual
 .text.BeebSound
                0x000024b2      0x11e ./APP/main.o
                0x000024b2                BeebSound
 .text.Buzzer_TOG
                0x000025d0      0x102 ./APP/main.o
                0x000025d0                Buzzer_TOG
 .text.libgcc   0x000026d2       0x36 d:/improvements/embedded_systems_diplomass/nti/avr/avr_tool/sdk_win_64/winavr/bin/../lib/gcc/avr/4.3.3/avr5\libgcc.a(_divmodsi4.o)
                0x000026d2                __divmodsi4
 .text.libgcc   0x00002708        0x0 d:/improvements/embedded_systems_diplomass/nti/avr/avr_tool/sdk_win_64/winavr/bin/../lib/gcc/avr/4.3.3/avr5\libgcc.a(_exit.o)
 .text.libgcc   0x00002708        0x0 d:/improvements/embedded_systems_diplomass/nti/avr/avr_tool/sdk_win_64/winavr/bin/../lib/gcc/avr/4.3.3/avr5\libgcc.a(_copy_data.o)
 .text.libgcc   0x00002708       0x44 d:/improvements/embedded_systems_diplomass/nti/avr/avr_tool/sdk_win_64/winavr/bin/../lib/gcc/avr/4.3.3/avr5\libgcc.a(_udivmodsi4.o)
                0x00002708                __udivmodsi4
 .text.libgcc   0x0000274c       0x38 d:/improvements/embedded_systems_diplomass/nti/avr/avr_tool/sdk_win_64/winavr/bin/../lib/gcc/avr/4.3.3/avr5\libgcc.a(_prologue.o)
                0x0000274c                __prologue_saves__
 .text.libgcc   0x00002784       0x36 d:/improvements/embedded_systems_diplomass/nti/avr/avr_tool/sdk_win_64/winavr/bin/../lib/gcc/avr/4.3.3/avr5\libgcc.a(_epilogue.o)
                0x00002784                __epilogue_restores__
                0x000027ba                . = ALIGN (0x2)
 *(.fini9)
 .fini9         0x000027ba        0x0 d:/improvements/embedded_systems_diplomass/nti/avr/avr_tool/sdk_win_64/winavr/bin/../lib/gcc/avr/4.3.3/avr5\libgcc.a(_exit.o)
                0x000027ba                exit
                0x000027ba                _exit
 *(.fini9)
 *(.fini8)
 *(.fini8)
 *(.fini7)
 *(.fini7)
 *(.fini6)
 *(.fini6)
 *(.fini5)
 *(.fini5)
 *(.fini4)
 *(.fini4)
 *(.fini3)
 *(.fini3)
 *(.fini2)
 *(.fini2)
 *(.fini1)
 *(.fini1)
 *(.fini0)
 .fini0         0x000027ba        0x4 d:/improvements/embedded_systems_diplomass/nti/avr/avr_tool/sdk_win_64/winavr/bin/../lib/gcc/avr/4.3.3/avr5\libgcc.a(_exit.o)
 *(.fini0)
                0x000027be                _etext = .

.data           0x00800060       0x6c load address 0x000027be
                0x00800060                PROVIDE (__data_start, .)
 *(.data)
 .data          0x00800060        0x0 d:/improvements/embedded_systems_diplomass/nti/avr/avr_tool/sdk_win_64/winavr/bin/../lib/gcc/avr/4.3.3/../../../../avr/lib/avr5/crtm32.o
 .data          0x00800060        0x0 ./MCAL/EEPROM/EEPROM_prog.o
 .data          0x00800060        0x0 ./MCAL/DIO/DIO_prog.o
 .data          0x00800060        0x0 ./HAL/LCD/LCD_prog.o
 .data          0x00800060        0x0 ./HAL/Keypad/Keypad_prog.o
 .data          0x00800060       0x53 ./APP/main.o
 .data          0x008000b3        0x0 d:/improvements/embedded_systems_diplomass/nti/avr/avr_tool/sdk_win_64/winavr/bin/../lib/gcc/avr/4.3.3/avr5\libgcc.a(_divmodsi4.o)
 .data          0x008000b3        0x0 d:/improvements/embedded_systems_diplomass/nti/avr/avr_tool/sdk_win_64/winavr/bin/../lib/gcc/avr/4.3.3/avr5\libgcc.a(_exit.o)
 .data          0x008000b3        0x0 d:/improvements/embedded_systems_diplomass/nti/avr/avr_tool/sdk_win_64/winavr/bin/../lib/gcc/avr/4.3.3/avr5\libgcc.a(_copy_data.o)
 .data          0x008000b3        0x0 d:/improvements/embedded_systems_diplomass/nti/avr/avr_tool/sdk_win_64/winavr/bin/../lib/gcc/avr/4.3.3/avr5\libgcc.a(_fixunssfsi.o)
 .data          0x008000b3        0x0 d:/improvements/embedded_systems_diplomass/nti/avr/avr_tool/sdk_win_64/winavr/bin/../lib/gcc/avr/4.3.3/avr5\libgcc.a(_addsub_sf.o)
 .data          0x008000b3        0x0 d:/improvements/embedded_systems_diplomass/nti/avr/avr_tool/sdk_win_64/winavr/bin/../lib/gcc/avr/4.3.3/avr5\libgcc.a(_mul_sf.o)
 .data          0x008000b3        0x0 d:/improvements/embedded_systems_diplomass/nti/avr/avr_tool/sdk_win_64/winavr/bin/../lib/gcc/avr/4.3.3/avr5\libgcc.a(_gt_sf.o)
 .data          0x008000b3        0x0 d:/improvements/embedded_systems_diplomass/nti/avr/avr_tool/sdk_win_64/winavr/bin/../lib/gcc/avr/4.3.3/avr5\libgcc.a(_ge_sf.o)
 .data          0x008000b3        0x0 d:/improvements/embedded_systems_diplomass/nti/avr/avr_tool/sdk_win_64/winavr/bin/../lib/gcc/avr/4.3.3/avr5\libgcc.a(_lt_sf.o)
 .data          0x008000b3        0x0 d:/improvements/embedded_systems_diplomass/nti/avr/avr_tool/sdk_win_64/winavr/bin/../lib/gcc/avr/4.3.3/avr5\libgcc.a(_sf_to_si.o)
 .data          0x008000b3        0x8 d:/improvements/embedded_systems_diplomass/nti/avr/avr_tool/sdk_win_64/winavr/bin/../lib/gcc/avr/4.3.3/avr5\libgcc.a(_thenan_sf.o)
                0x008000b3                __thenan_sf
 .data          0x008000bb        0x0 d:/improvements/embedded_systems_diplomass/nti/avr/avr_tool/sdk_win_64/winavr/bin/../lib/gcc/avr/4.3.3/avr5\libgcc.a(_udivmodsi4.o)
 .data          0x008000bb        0x0 d:/improvements/embedded_systems_diplomass/nti/avr/avr_tool/sdk_win_64/winavr/bin/../lib/gcc/avr/4.3.3/avr5\libgcc.a(_prologue.o)
 .data          0x008000bb        0x0 d:/improvements/embedded_systems_diplomass/nti/avr/avr_tool/sdk_win_64/winavr/bin/../lib/gcc/avr/4.3.3/avr5\libgcc.a(_epilogue.o)
 .data          0x008000bb        0x0 d:/improvements/embedded_systems_diplomass/nti/avr/avr_tool/sdk_win_64/winavr/bin/../lib/gcc/avr/4.3.3/avr5\libgcc.a(_pack_sf.o)
 .data          0x008000bb        0x0 d:/improvements/embedded_systems_diplomass/nti/avr/avr_tool/sdk_win_64/winavr/bin/../lib/gcc/avr/4.3.3/avr5\libgcc.a(_unpack_sf.o)
 .data          0x008000bb        0x0 d:/improvements/embedded_systems_diplomass/nti/avr/avr_tool/sdk_win_64/winavr/bin/../lib/gcc/avr/4.3.3/avr5\libgcc.a(_fpcmp_parts_sf.o)
 *(.data*)
 *(.rodata)
 *(.rodata*)
 .rodata.C.3.1327
                0x008000bb       0x10 ./HAL/Keypad/Keypad_prog.o
 *(.gnu.linkonce.d*)
                0x008000cc                . = ALIGN (0x2)
 *fill*         0x008000cb        0x1 00
                0x008000cc                _edata = .
                0x008000cc                PROVIDE (__data_end, .)

.bss            0x008000cc        0x0
                0x008000cc                PROVIDE (__bss_start, .)
 *(.bss)
 .bss           0x008000cc        0x0 d:/improvements/embedded_systems_diplomass/nti/avr/avr_tool/sdk_win_64/winavr/bin/../lib/gcc/avr/4.3.3/../../../../avr/lib/avr5/crtm32.o
 .bss           0x008000cc        0x0 ./MCAL/EEPROM/EEPROM_prog.o
 .bss           0x008000cc        0x0 ./MCAL/DIO/DIO_prog.o
 .bss           0x008000cc        0x0 ./HAL/LCD/LCD_prog.o
 .bss           0x008000cc        0x0 ./HAL/Keypad/Keypad_prog.o
 .bss           0x008000cc        0x0 ./APP/main.o
 .bss           0x008000cc        0x0 d:/improvements/embedded_systems_diplomass/nti/avr/avr_tool/sdk_win_64/winavr/bin/../lib/gcc/avr/4.3.3/avr5\libgcc.a(_divmodsi4.o)
 .bss           0x008000cc        0x0 d:/improvements/embedded_systems_diplomass/nti/avr/avr_tool/sdk_win_64/winavr/bin/../lib/gcc/avr/4.3.3/avr5\libgcc.a(_exit.o)
 .bss           0x008000cc        0x0 d:/improvements/embedded_systems_diplomass/nti/avr/avr_tool/sdk_win_64/winavr/bin/../lib/gcc/avr/4.3.3/avr5\libgcc.a(_copy_data.o)
 .bss           0x008000cc        0x0 d:/improvements/embedded_systems_diplomass/nti/avr/avr_tool/sdk_win_64/winavr/bin/../lib/gcc/avr/4.3.3/avr5\libgcc.a(_fixunssfsi.o)
 .bss           0x008000cc        0x0 d:/improvements/embedded_systems_diplomass/nti/avr/avr_tool/sdk_win_64/winavr/bin/../lib/gcc/avr/4.3.3/avr5\libgcc.a(_addsub_sf.o)
 .bss           0x008000cc        0x0 d:/improvements/embedded_systems_diplomass/nti/avr/avr_tool/sdk_win_64/winavr/bin/../lib/gcc/avr/4.3.3/avr5\libgcc.a(_mul_sf.o)
 .bss           0x008000cc        0x0 d:/improvements/embedded_systems_diplomass/nti/avr/avr_tool/sdk_win_64/winavr/bin/../lib/gcc/avr/4.3.3/avr5\libgcc.a(_gt_sf.o)
 .bss           0x008000cc        0x0 d:/improvements/embedded_systems_diplomass/nti/avr/avr_tool/sdk_win_64/winavr/bin/../lib/gcc/avr/4.3.3/avr5\libgcc.a(_ge_sf.o)
 .bss           0x008000cc        0x0 d:/improvements/embedded_systems_diplomass/nti/avr/avr_tool/sdk_win_64/winavr/bin/../lib/gcc/avr/4.3.3/avr5\libgcc.a(_lt_sf.o)
 .bss           0x008000cc        0x0 d:/improvements/embedded_systems_diplomass/nti/avr/avr_tool/sdk_win_64/winavr/bin/../lib/gcc/avr/4.3.3/avr5\libgcc.a(_sf_to_si.o)
 .bss           0x008000cc        0x0 d:/improvements/embedded_systems_diplomass/nti/avr/avr_tool/sdk_win_64/winavr/bin/../lib/gcc/avr/4.3.3/avr5\libgcc.a(_thenan_sf.o)
 .bss           0x008000cc        0x0 d:/improvements/embedded_systems_diplomass/nti/avr/avr_tool/sdk_win_64/winavr/bin/../lib/gcc/avr/4.3.3/avr5\libgcc.a(_udivmodsi4.o)
 .bss           0x008000cc        0x0 d:/improvements/embedded_systems_diplomass/nti/avr/avr_tool/sdk_win_64/winavr/bin/../lib/gcc/avr/4.3.3/avr5\libgcc.a(_prologue.o)
 .bss           0x008000cc        0x0 d:/improvements/embedded_systems_diplomass/nti/avr/avr_tool/sdk_win_64/winavr/bin/../lib/gcc/avr/4.3.3/avr5\libgcc.a(_epilogue.o)
 .bss           0x008000cc        0x0 d:/improvements/embedded_systems_diplomass/nti/avr/avr_tool/sdk_win_64/winavr/bin/../lib/gcc/avr/4.3.3/avr5\libgcc.a(_pack_sf.o)
 .bss           0x008000cc        0x0 d:/improvements/embedded_systems_diplomass/nti/avr/avr_tool/sdk_win_64/winavr/bin/../lib/gcc/avr/4.3.3/avr5\libgcc.a(_unpack_sf.o)
 .bss           0x008000cc        0x0 d:/improvements/embedded_systems_diplomass/nti/avr/avr_tool/sdk_win_64/winavr/bin/../lib/gcc/avr/4.3.3/avr5\libgcc.a(_fpcmp_parts_sf.o)
 *(.bss*)
 *(COMMON)
                0x008000cc                PROVIDE (__bss_end, .)
                0x000027be                __data_load_start = LOADADDR (.data)
                0x0000282a                __data_load_end = (__data_load_start + SIZEOF (.data))

.noinit         0x008000cc        0x0
                0x008000cc                PROVIDE (__noinit_start, .)
 *(.noinit*)
                0x008000cc                PROVIDE (__noinit_end, .)
                0x008000cc                _end = .
                0x008000cc                PROVIDE (__heap_start, .)

.eeprom         0x00810000        0x0
 *(.eeprom*)
                0x00810000                __eeprom_end = .

.fuse
 *(.fuse)
 *(.lfuse)
 *(.hfuse)
 *(.efuse)

.lock
 *(.lock*)

.signature
 *(.signature*)

.stab           0x00000000     0x2580
 *(.stab)
 .stab          0x00000000      0x354 ./MCAL/EEPROM/EEPROM_prog.o
 .stab          0x00000354      0x5c4 ./MCAL/DIO/DIO_prog.o
                                0x5d0 (size before relaxing)
 .stab          0x00000918      0xe1c ./HAL/LCD/LCD_prog.o
                                0xe28 (size before relaxing)
 .stab          0x00001734      0x588 ./HAL/Keypad/Keypad_prog.o
                                0x714 (size before relaxing)
 .stab          0x00001cbc      0x8c4 ./APP/main.o
                                0xa5c (size before relaxing)

.stabstr        0x00000000     0x10d1
 *(.stabstr)
 .stabstr       0x00000000     0x10d1 ./MCAL/EEPROM/EEPROM_prog.o

.stab.excl
 *(.stab.excl)

.stab.exclstr
 *(.stab.exclstr)

.stab.index
 *(.stab.index)

.stab.indexstr
 *(.stab.indexstr)

.comment
 *(.comment)

.debug
 *(.debug)

.line
 *(.line)

.debug_srcinfo
 *(.debug_srcinfo)

.debug_sfnames
 *(.debug_sfnames)

.debug_aranges  0x00000000      0x140
 *(.debug_aranges)
 .debug_aranges
                0x00000000       0x20 d:/improvements/embedded_systems_diplomass/nti/avr/avr_tool/sdk_win_64/winavr/bin/../lib/gcc/avr/4.3.3/avr5\libgcc.a(_fixunssfsi.o)
 .debug_aranges
                0x00000020       0x20 d:/improvements/embedded_systems_diplomass/nti/avr/avr_tool/sdk_win_64/winavr/bin/../lib/gcc/avr/4.3.3/avr5\libgcc.a(_addsub_sf.o)
 .debug_aranges
                0x00000040       0x20 d:/improvements/embedded_systems_diplomass/nti/avr/avr_tool/sdk_win_64/winavr/bin/../lib/gcc/avr/4.3.3/avr5\libgcc.a(_mul_sf.o)
 .debug_aranges
                0x00000060       0x20 d:/improvements/embedded_systems_diplomass/nti/avr/avr_tool/sdk_win_64/winavr/bin/../lib/gcc/avr/4.3.3/avr5\libgcc.a(_gt_sf.o)
 .debug_aranges
                0x00000080       0x20 d:/improvements/embedded_systems_diplomass/nti/avr/avr_tool/sdk_win_64/winavr/bin/../lib/gcc/avr/4.3.3/avr5\libgcc.a(_ge_sf.o)
 .debug_aranges
                0x000000a0       0x20 d:/improvements/embedded_systems_diplomass/nti/avr/avr_tool/sdk_win_64/winavr/bin/../lib/gcc/avr/4.3.3/avr5\libgcc.a(_lt_sf.o)
 .debug_aranges
                0x000000c0       0x20 d:/improvements/embedded_systems_diplomass/nti/avr/avr_tool/sdk_win_64/winavr/bin/../lib/gcc/avr/4.3.3/avr5\libgcc.a(_sf_to_si.o)
 .debug_aranges
                0x000000e0       0x20 d:/improvements/embedded_systems_diplomass/nti/avr/avr_tool/sdk_win_64/winavr/bin/../lib/gcc/avr/4.3.3/avr5\libgcc.a(_pack_sf.o)
 .debug_aranges
                0x00000100       0x20 d:/improvements/embedded_systems_diplomass/nti/avr/avr_tool/sdk_win_64/winavr/bin/../lib/gcc/avr/4.3.3/avr5\libgcc.a(_unpack_sf.o)
 .debug_aranges
                0x00000120       0x20 d:/improvements/embedded_systems_diplomass/nti/avr/avr_tool/sdk_win_64/winavr/bin/../lib/gcc/avr/4.3.3/avr5\libgcc.a(_fpcmp_parts_sf.o)

.debug_pubnames
                0x00000000      0x170
 *(.debug_pubnames)
 .debug_pubnames
                0x00000000       0x23 d:/improvements/embedded_systems_diplomass/nti/avr/avr_tool/sdk_win_64/winavr/bin/../lib/gcc/avr/4.3.3/avr5\libgcc.a(_fixunssfsi.o)
 .debug_pubnames
                0x00000023       0x2c d:/improvements/embedded_systems_diplomass/nti/avr/avr_tool/sdk_win_64/winavr/bin/../lib/gcc/avr/4.3.3/avr5\libgcc.a(_addsub_sf.o)
 .debug_pubnames
                0x0000004f       0x1f d:/improvements/embedded_systems_diplomass/nti/avr/avr_tool/sdk_win_64/winavr/bin/../lib/gcc/avr/4.3.3/avr5\libgcc.a(_mul_sf.o)
 .debug_pubnames
                0x0000006e       0x1e d:/improvements/embedded_systems_diplomass/nti/avr/avr_tool/sdk_win_64/winavr/bin/../lib/gcc/avr/4.3.3/avr5\libgcc.a(_gt_sf.o)
 .debug_pubnames
                0x0000008c       0x1e d:/improvements/embedded_systems_diplomass/nti/avr/avr_tool/sdk_win_64/winavr/bin/../lib/gcc/avr/4.3.3/avr5\libgcc.a(_ge_sf.o)
 .debug_pubnames
                0x000000aa       0x1e d:/improvements/embedded_systems_diplomass/nti/avr/avr_tool/sdk_win_64/winavr/bin/../lib/gcc/avr/4.3.3/avr5\libgcc.a(_lt_sf.o)
 .debug_pubnames
                0x000000c8       0x20 d:/improvements/embedded_systems_diplomass/nti/avr/avr_tool/sdk_win_64/winavr/bin/../lib/gcc/avr/4.3.3/avr5\libgcc.a(_sf_to_si.o)
 .debug_pubnames
                0x000000e8       0x22 d:/improvements/embedded_systems_diplomass/nti/avr/avr_tool/sdk_win_64/winavr/bin/../lib/gcc/avr/4.3.3/avr5\libgcc.a(_thenan_sf.o)
 .debug_pubnames
                0x0000010a       0x1f d:/improvements/embedded_systems_diplomass/nti/avr/avr_tool/sdk_win_64/winavr/bin/../lib/gcc/avr/4.3.3/avr5\libgcc.a(_pack_sf.o)
 .debug_pubnames
                0x00000129       0x21 d:/improvements/embedded_systems_diplomass/nti/avr/avr_tool/sdk_win_64/winavr/bin/../lib/gcc/avr/4.3.3/avr5\libgcc.a(_unpack_sf.o)
 .debug_pubnames
                0x0000014a       0x26 d:/improvements/embedded_systems_diplomass/nti/avr/avr_tool/sdk_win_64/winavr/bin/../lib/gcc/avr/4.3.3/avr5\libgcc.a(_fpcmp_parts_sf.o)

.debug_info     0x00000000     0x1c49
 *(.debug_info)
 .debug_info    0x00000000       0xb1 d:/improvements/embedded_systems_diplomass/nti/avr/avr_tool/sdk_win_64/winavr/bin/../lib/gcc/avr/4.3.3/avr5\libgcc.a(_fixunssfsi.o)
 .debug_info    0x000000b1      0x47a d:/improvements/embedded_systems_diplomass/nti/avr/avr_tool/sdk_win_64/winavr/bin/../lib/gcc/avr/4.3.3/avr5\libgcc.a(_addsub_sf.o)
 .debug_info    0x0000052b      0x485 d:/improvements/embedded_systems_diplomass/nti/avr/avr_tool/sdk_win_64/winavr/bin/../lib/gcc/avr/4.3.3/avr5\libgcc.a(_mul_sf.o)
 .debug_info    0x000009b0      0x27f d:/improvements/embedded_systems_diplomass/nti/avr/avr_tool/sdk_win_64/winavr/bin/../lib/gcc/avr/4.3.3/avr5\libgcc.a(_gt_sf.o)
 .debug_info    0x00000c2f      0x27f d:/improvements/embedded_systems_diplomass/nti/avr/avr_tool/sdk_win_64/winavr/bin/../lib/gcc/avr/4.3.3/avr5\libgcc.a(_ge_sf.o)
 .debug_info    0x00000eae      0x27f d:/improvements/embedded_systems_diplomass/nti/avr/avr_tool/sdk_win_64/winavr/bin/../lib/gcc/avr/4.3.3/avr5\libgcc.a(_lt_sf.o)
 .debug_info    0x0000112d      0x2b0 d:/improvements/embedded_systems_diplomass/nti/avr/avr_tool/sdk_win_64/winavr/bin/../lib/gcc/avr/4.3.3/avr5\libgcc.a(_sf_to_si.o)
 .debug_info    0x000013dd      0x12c d:/improvements/embedded_systems_diplomass/nti/avr/avr_tool/sdk_win_64/winavr/bin/../lib/gcc/avr/4.3.3/avr5\libgcc.a(_thenan_sf.o)
 .debug_info    0x00001509      0x2df d:/improvements/embedded_systems_diplomass/nti/avr/avr_tool/sdk_win_64/winavr/bin/../lib/gcc/avr/4.3.3/avr5\libgcc.a(_pack_sf.o)
 .debug_info    0x000017e8      0x251 d:/improvements/embedded_systems_diplomass/nti/avr/avr_tool/sdk_win_64/winavr/bin/../lib/gcc/avr/4.3.3/avr5\libgcc.a(_unpack_sf.o)
 .debug_info    0x00001a39      0x210 d:/improvements/embedded_systems_diplomass/nti/avr/avr_tool/sdk_win_64/winavr/bin/../lib/gcc/avr/4.3.3/avr5\libgcc.a(_fpcmp_parts_sf.o)
 *(.gnu.linkonce.wi.*)

.debug_abbrev   0x00000000      0xeeb
 *(.debug_abbrev)
 .debug_abbrev  0x00000000       0x5d d:/improvements/embedded_systems_diplomass/nti/avr/avr_tool/sdk_win_64/winavr/bin/../lib/gcc/avr/4.3.3/avr5\libgcc.a(_fixunssfsi.o)
 .debug_abbrev  0x0000005d      0x1ea d:/improvements/embedded_systems_diplomass/nti/avr/avr_tool/sdk_win_64/winavr/bin/../lib/gcc/avr/4.3.3/avr5\libgcc.a(_addsub_sf.o)
 .debug_abbrev  0x00000247      0x21b d:/improvements/embedded_systems_diplomass/nti/avr/avr_tool/sdk_win_64/winavr/bin/../lib/gcc/avr/4.3.3/avr5\libgcc.a(_mul_sf.o)
 .debug_abbrev  0x00000462      0x15a d:/improvements/embedded_systems_diplomass/nti/avr/avr_tool/sdk_win_64/winavr/bin/../lib/gcc/avr/4.3.3/avr5\libgcc.a(_gt_sf.o)
 .debug_abbrev  0x000005bc      0x15a d:/improvements/embedded_systems_diplomass/nti/avr/avr_tool/sdk_win_64/winavr/bin/../lib/gcc/avr/4.3.3/avr5\libgcc.a(_ge_sf.o)
 .debug_abbrev  0x00000716      0x15a d:/improvements/embedded_systems_diplomass/nti/avr/avr_tool/sdk_win_64/winavr/bin/../lib/gcc/avr/4.3.3/avr5\libgcc.a(_lt_sf.o)
 .debug_abbrev  0x00000870      0x17f d:/improvements/embedded_systems_diplomass/nti/avr/avr_tool/sdk_win_64/winavr/bin/../lib/gcc/avr/4.3.3/avr5\libgcc.a(_sf_to_si.o)
 .debug_abbrev  0x000009ef       0xad d:/improvements/embedded_systems_diplomass/nti/avr/avr_tool/sdk_win_64/winavr/bin/../lib/gcc/avr/4.3.3/avr5\libgcc.a(_thenan_sf.o)
 .debug_abbrev  0x00000a9c      0x1c0 d:/improvements/embedded_systems_diplomass/nti/avr/avr_tool/sdk_win_64/winavr/bin/../lib/gcc/avr/4.3.3/avr5\libgcc.a(_pack_sf.o)
 .debug_abbrev  0x00000c5c      0x154 d:/improvements/embedded_systems_diplomass/nti/avr/avr_tool/sdk_win_64/winavr/bin/../lib/gcc/avr/4.3.3/avr5\libgcc.a(_unpack_sf.o)
 .debug_abbrev  0x00000db0      0x13b d:/improvements/embedded_systems_diplomass/nti/avr/avr_tool/sdk_win_64/winavr/bin/../lib/gcc/avr/4.3.3/avr5\libgcc.a(_fpcmp_parts_sf.o)

.debug_line     0x00000000      0xdad
 *(.debug_line)
 .debug_line    0x00000000       0xa7 d:/improvements/embedded_systems_diplomass/nti/avr/avr_tool/sdk_win_64/winavr/bin/../lib/gcc/avr/4.3.3/avr5\libgcc.a(_fixunssfsi.o)
 .debug_line    0x000000a7      0x2af d:/improvements/embedded_systems_diplomass/nti/avr/avr_tool/sdk_win_64/winavr/bin/../lib/gcc/avr/4.3.3/avr5\libgcc.a(_addsub_sf.o)
 .debug_line    0x00000356      0x239 d:/improvements/embedded_systems_diplomass/nti/avr/avr_tool/sdk_win_64/winavr/bin/../lib/gcc/avr/4.3.3/avr5\libgcc.a(_mul_sf.o)
 .debug_line    0x0000058f       0xd3 d:/improvements/embedded_systems_diplomass/nti/avr/avr_tool/sdk_win_64/winavr/bin/../lib/gcc/avr/4.3.3/avr5\libgcc.a(_gt_sf.o)
 .debug_line    0x00000662       0xd3 d:/improvements/embedded_systems_diplomass/nti/avr/avr_tool/sdk_win_64/winavr/bin/../lib/gcc/avr/4.3.3/avr5\libgcc.a(_ge_sf.o)
 .debug_line    0x00000735       0xd3 d:/improvements/embedded_systems_diplomass/nti/avr/avr_tool/sdk_win_64/winavr/bin/../lib/gcc/avr/4.3.3/avr5\libgcc.a(_lt_sf.o)
 .debug_line    0x00000808      0x109 d:/improvements/embedded_systems_diplomass/nti/avr/avr_tool/sdk_win_64/winavr/bin/../lib/gcc/avr/4.3.3/avr5\libgcc.a(_sf_to_si.o)
 .debug_line    0x00000911       0x90 d:/improvements/embedded_systems_diplomass/nti/avr/avr_tool/sdk_win_64/winavr/bin/../lib/gcc/avr/4.3.3/avr5\libgcc.a(_thenan_sf.o)
 .debug_line    0x000009a1      0x18a d:/improvements/embedded_systems_diplomass/nti/avr/avr_tool/sdk_win_64/winavr/bin/../lib/gcc/avr/4.3.3/avr5\libgcc.a(_pack_sf.o)
 .debug_line    0x00000b2b      0x14b d:/improvements/embedded_systems_diplomass/nti/avr/avr_tool/sdk_win_64/winavr/bin/../lib/gcc/avr/4.3.3/avr5\libgcc.a(_unpack_sf.o)
 .debug_line    0x00000c76      0x137 d:/improvements/embedded_systems_diplomass/nti/avr/avr_tool/sdk_win_64/winavr/bin/../lib/gcc/avr/4.3.3/avr5\libgcc.a(_fpcmp_parts_sf.o)

.debug_frame    0x00000000      0x160
 *(.debug_frame)
 .debug_frame   0x00000000       0x20 d:/improvements/embedded_systems_diplomass/nti/avr/avr_tool/sdk_win_64/winavr/bin/../lib/gcc/avr/4.3.3/avr5\libgcc.a(_fixunssfsi.o)
 .debug_frame   0x00000020       0x40 d:/improvements/embedded_systems_diplomass/nti/avr/avr_tool/sdk_win_64/winavr/bin/../lib/gcc/avr/4.3.3/avr5\libgcc.a(_addsub_sf.o)
 .debug_frame   0x00000060       0x20 d:/improvements/embedded_systems_diplomass/nti/avr/avr_tool/sdk_win_64/winavr/bin/../lib/gcc/avr/4.3.3/avr5\libgcc.a(_mul_sf.o)
 .debug_frame   0x00000080       0x20 d:/improvements/embedded_systems_diplomass/nti/avr/avr_tool/sdk_win_64/winavr/bin/../lib/gcc/avr/4.3.3/avr5\libgcc.a(_gt_sf.o)
 .debug_frame   0x000000a0       0x20 d:/improvements/embedded_systems_diplomass/nti/avr/avr_tool/sdk_win_64/winavr/bin/../lib/gcc/avr/4.3.3/avr5\libgcc.a(_ge_sf.o)
 .debug_frame   0x000000c0       0x20 d:/improvements/embedded_systems_diplomass/nti/avr/avr_tool/sdk_win_64/winavr/bin/../lib/gcc/avr/4.3.3/avr5\libgcc.a(_lt_sf.o)
 .debug_frame   0x000000e0       0x20 d:/improvements/embedded_systems_diplomass/nti/avr/avr_tool/sdk_win_64/winavr/bin/../lib/gcc/avr/4.3.3/avr5\libgcc.a(_sf_to_si.o)
 .debug_frame   0x00000100       0x20 d:/improvements/embedded_systems_diplomass/nti/avr/avr_tool/sdk_win_64/winavr/bin/../lib/gcc/avr/4.3.3/avr5\libgcc.a(_pack_sf.o)
 .debug_frame   0x00000120       0x20 d:/improvements/embedded_systems_diplomass/nti/avr/avr_tool/sdk_win_64/winavr/bin/../lib/gcc/avr/4.3.3/avr5\libgcc.a(_unpack_sf.o)
 .debug_frame   0x00000140       0x20 d:/improvements/embedded_systems_diplomass/nti/avr/avr_tool/sdk_win_64/winavr/bin/../lib/gcc/avr/4.3.3/avr5\libgcc.a(_fpcmp_parts_sf.o)

.debug_str      0x00000000      0x28d
 *(.debug_str)
 .debug_str     0x00000000       0xbf d:/improvements/embedded_systems_diplomass/nti/avr/avr_tool/sdk_win_64/winavr/bin/../lib/gcc/avr/4.3.3/avr5\libgcc.a(_fixunssfsi.o)
                                 0xfe (size before relaxing)
 .debug_str     0x000000bf      0x14d d:/improvements/embedded_systems_diplomass/nti/avr/avr_tool/sdk_win_64/winavr/bin/../lib/gcc/avr/4.3.3/avr5\libgcc.a(_addsub_sf.o)
                                0x206 (size before relaxing)
 .debug_str     0x0000020c       0x27 d:/improvements/embedded_systems_diplomass/nti/avr/avr_tool/sdk_win_64/winavr/bin/../lib/gcc/avr/4.3.3/avr5\libgcc.a(_mul_sf.o)
                                0x1bf (size before relaxing)
 .debug_str     0x00000233        0xf d:/improvements/embedded_systems_diplomass/nti/avr/avr_tool/sdk_win_64/winavr/bin/../lib/gcc/avr/4.3.3/avr5\libgcc.a(_gt_sf.o)
                                0x195 (size before relaxing)
 .debug_str     0x00000242        0x8 d:/improvements/embedded_systems_diplomass/nti/avr/avr_tool/sdk_win_64/winavr/bin/../lib/gcc/avr/4.3.3/avr5\libgcc.a(_ge_sf.o)
                                0x195 (size before relaxing)
 .debug_str     0x0000024a        0x8 d:/improvements/embedded_systems_diplomass/nti/avr/avr_tool/sdk_win_64/winavr/bin/../lib/gcc/avr/4.3.3/avr5\libgcc.a(_lt_sf.o)
                                0x195 (size before relaxing)
 .debug_str     0x00000252        0xa d:/improvements/embedded_systems_diplomass/nti/avr/avr_tool/sdk_win_64/winavr/bin/../lib/gcc/avr/4.3.3/avr5\libgcc.a(_sf_to_si.o)
                                0x19e (size before relaxing)
 .debug_str     0x00000000      0x103 d:/improvements/embedded_systems_diplomass/nti/avr/avr_tool/sdk_win_64/winavr/bin/../lib/gcc/avr/4.3.3/avr5\libgcc.a(_thenan_sf.o)
 .debug_str     0x0000025c       0x16 d:/improvements/embedded_systems_diplomass/nti/avr/avr_tool/sdk_win_64/winavr/bin/../lib/gcc/avr/4.3.3/avr5\libgcc.a(_pack_sf.o)
                                0x19d (size before relaxing)
 .debug_str     0x00000272        0xb d:/improvements/embedded_systems_diplomass/nti/avr/avr_tool/sdk_win_64/winavr/bin/../lib/gcc/avr/4.3.3/avr5\libgcc.a(_unpack_sf.o)
                                0x17f (size before relaxing)
 .debug_str     0x0000027d       0x10 d:/improvements/embedded_systems_diplomass/nti/avr/avr_tool/sdk_win_64/winavr/bin/../lib/gcc/avr/4.3.3/avr5\libgcc.a(_fpcmp_parts_sf.o)
                                0x163 (size before relaxing)

.debug_loc      0x00000000      0x7ce
 *(.debug_loc)
 .debug_loc     0x00000000       0x34 d:/improvements/embedded_systems_diplomass/nti/avr/avr_tool/sdk_win_64/winavr/bin/../lib/gcc/avr/4.3.3/avr5\libgcc.a(_fixunssfsi.o)
 .debug_loc     0x00000034      0x32a d:/improvements/embedded_systems_diplomass/nti/avr/avr_tool/sdk_win_64/winavr/bin/../lib/gcc/avr/4.3.3/avr5\libgcc.a(_addsub_sf.o)
 .debug_loc     0x0000035e      0x104 d:/improvements/embedded_systems_diplomass/nti/avr/avr_tool/sdk_win_64/winavr/bin/../lib/gcc/avr/4.3.3/avr5\libgcc.a(_mul_sf.o)
 .debug_loc     0x00000462       0x3c d:/improvements/embedded_systems_diplomass/nti/avr/avr_tool/sdk_win_64/winavr/bin/../lib/gcc/avr/4.3.3/avr5\libgcc.a(_gt_sf.o)
 .debug_loc     0x0000049e       0x3c d:/improvements/embedded_systems_diplomass/nti/avr/avr_tool/sdk_win_64/winavr/bin/../lib/gcc/avr/4.3.3/avr5\libgcc.a(_ge_sf.o)
 .debug_loc     0x000004da       0x3c d:/improvements/embedded_systems_diplomass/nti/avr/avr_tool/sdk_win_64/winavr/bin/../lib/gcc/avr/4.3.3/avr5\libgcc.a(_lt_sf.o)
 .debug_loc     0x00000516       0x7e d:/improvements/embedded_systems_diplomass/nti/avr/avr_tool/sdk_win_64/winavr/bin/../lib/gcc/avr/4.3.3/avr5\libgcc.a(_sf_to_si.o)
 .debug_loc     0x00000594      0x13e d:/improvements/embedded_systems_diplomass/nti/avr/avr_tool/sdk_win_64/winavr/bin/../lib/gcc/avr/4.3.3/avr5\libgcc.a(_pack_sf.o)
 .debug_loc     0x000006d2       0xac d:/improvements/embedded_systems_diplomass/nti/avr/avr_tool/sdk_win_64/winavr/bin/../lib/gcc/avr/4.3.3/avr5\libgcc.a(_unpack_sf.o)
 .debug_loc     0x0000077e       0x50 d:/improvements/embedded_systems_diplomass/nti/avr/avr_tool/sdk_win_64/winavr/bin/../lib/gcc/avr/4.3.3/avr5\libgcc.a(_fpcmp_parts_sf.o)

.debug_macinfo
 *(.debug_macinfo)
OUTPUT(LockerSystem.elf elf32-avr)
LOAD linker stubs

.debug_ranges   0x00000000       0x50
 .debug_ranges  0x00000000       0x50 d:/improvements/embedded_systems_diplomass/nti/avr/avr_tool/sdk_win_64/winavr/bin/../lib/gcc/avr/4.3.3/avr5\libgcc.a(_mul_sf.o)
